---------------------------------------
Begin PBS Prologue Mon Oct  4 13:45:24 EDT 2021
Job ID:     7024031.sched-hive.pace.gatech.edu
User ID:    zzhang834
Job name:   test_GGM3
Queue:      hive-himem
End PBS Prologue Mon Oct  4 13:45:24 EDT 2021
---------------------------------------
---------------------------------------
Begin PBS Epilogue Mon Oct  4 13:54:40 EDT 2021
Job ID:     7024031.sched-hive.pace.gatech.edu
User ID:    zzhang834
Job name:   test_GGM3
Resources:  nodes=1:ppn=4,walltime=36:20:00,neednodes=1:ppn=4
Rsrc Used:  cput=00:36:27,vmem=354626564kb,walltime=00:09:15,mem=291133536kb,energy_used=0
Queue:      hive-himem
Nodes:     
atl1-1-01-018-35.pace.gatech.edu
End PBS Epilogue Mon Oct  4 13:54:40 EDT 2021
---------------------------------------
---------------------------------------
Begin PBS Prologue Mon Oct  4 13:55:00 EDT 2021
Job ID:     7024037.sched-hive.pace.gatech.edu
User ID:    zzhang834
Job name:   test_GGM3
Queue:      hive-himem
End PBS Prologue Mon Oct  4 13:55:00 EDT 2021
---------------------------------------
=>> PBS: job killed: walltime 130807 exceeded limit 130800
---------------------------------------
Begin PBS Epilogue Wed Oct  6 02:15:17 EDT 2021
Job ID:     7024037.sched-hive.pace.gatech.edu
User ID:    zzhang834
Job name:   test_GGM3
Resources:  nodes=1:ppn=4,walltime=36:20:00,neednodes=1:ppn=4
Rsrc Used:  cput=144:59:20,vmem=354622468kb,walltime=36:20:17,mem=188807232kb,energy_used=0
Queue:      hive-himem
Nodes:     
atl1-1-01-018-35.pace.gatech.edu
End PBS Epilogue Wed Oct  6 02:15:17 EDT 2021
---------------------------------------
