---------------------------------------
Begin PBS Prologue Mon Oct  4 13:45:20 EDT 2021
Job ID:     7024029.sched-hive.pace.gatech.edu
User ID:    zzhang834
Job name:   test_GGM1
Queue:      hive-himem
End PBS Prologue Mon Oct  4 13:45:20 EDT 2021
---------------------------------------
=>> PBS: job killed: walltime 130847 exceeded limit 130800
---------------------------------------
Begin PBS Epilogue Wed Oct  6 02:06:17 EDT 2021
Job ID:     7024029.sched-hive.pace.gatech.edu
User ID:    zzhang834
Job name:   test_GGM1
Resources:  nodes=1:ppn=4,walltime=36:20:00,neednodes=1:ppn=4
Rsrc Used:  cput=145:01:49,vmem=354388100kb,walltime=36:20:57,mem=312891460kb,energy_used=0
Queue:      hive-himem
Nodes:     
atl1-1-01-018-35.pace.gatech.edu
End PBS Epilogue Wed Oct  6 02:06:17 EDT 2021
---------------------------------------
