---------------------------------------
Begin PBS Prologue Tue Sep 21 21:43:30 EDT 2021
Job ID:     7016758.sched-hive.pace.gatech.edu
User ID:    zzhang834
Job name:   benchmark_GGM2
Queue:      hive-himem
End PBS Prologue Tue Sep 21 21:43:30 EDT 2021
---------------------------------------
0.01_2_0.01_1.7
0.01_2_0.1_1.7
0.01_2_1_1.7
0.1_2_0.01_1.7
0.1_2_0.1_1.7
0.1_2_1_1.7
1_2_0.01_1.7
1_2_0.1_1.7
1_2_1_1.7
10_2_0.01_1.7
10_2_0.1_1.7
10_2_1_1.7
0.01_2_0.01_1.7
0.01_2_0.1_1.7
0.01_2_1_1.7
0.1_2_0.01_1.7
0.1_2_0.1_1.7
0.1_2_1_1.7
1_2_0.01_1.7
1_2_0.1_1.7
1_2_1_1.7
10_2_0.01_1.7
10_2_0.1_1.7
10_2_1_1.7
0.01_2_0.01_1.7
0.01_2_0.1_1.7
0.01_2_1_1.7
0.1_2_0.01_1.7
0.1_2_0.1_1.7
0.1_2_1_1.7
1_2_0.01_1.7
1_2_0.1_1.7
1_2_1_1.7
10_2_0.01_1.7
10_2_0.1_1.7
10_2_1_1.7
0.01_2_0.01_1.7
0.01_2_0.1_1.7
0.01_2_1_1.7
0.1_2_0.01_1.7
0.1_2_0.1_1.7
0.1_2_1_1.7
1_2_0.01_1.7
1_2_0.1_1.7
1_2_1_1.7
10_2_0.01_1.7
10_2_0.1_1.7
10_2_1_1.7
0.01_2_0.01_1.7
0.01_2_0.1_1.7
0.01_2_1_1.7
0.1_2_0.01_1.7
0.1_2_0.1_1.7
0.1_2_1_1.7
1_2_0.01_1.7
1_2_0.1_1.7
1_2_1_1.7
10_2_0.01_1.7
10_2_0.1_1.7
10_2_1_1.7
0.01_2_0.01_1.7
0.01_2_0.1_1.7
0.01_2_1_1.7
0.1_2_0.01_1.7
0.1_2_0.1_1.7
0.1_2_1_1.7
1_2_0.01_1.7
1_2_0.1_1.7
1_2_1_1.7
10_2_0.01_1.7
10_2_0.1_1.7
10_2_1_1.7
---------------------------------------
Begin PBS Epilogue Tue Sep 21 22:24:37 EDT 2021
Job ID:     7016758.sched-hive.pace.gatech.edu
User ID:    zzhang834
Job name:   benchmark_GGM2
Resources:  nodes=1:ppn=4,walltime=36:20:00,neednodes=1:ppn=4
Rsrc Used:  cput=00:40:58,vmem=2048024kb,walltime=00:41:07,mem=156940kb,energy_used=0
Queue:      hive-himem
Nodes:     
atl1-1-01-018-38.pace.gatech.edu
End PBS Epilogue Tue Sep 21 22:24:37 EDT 2021
---------------------------------------
