---------------------------------------
Begin PBS Prologue Tue Sep 21 21:44:02 EDT 2021
Job ID:     7016759.sched-hive.pace.gatech.edu
User ID:    zzhang834
Job name:   benchmark_GGM3
Queue:      hive-himem
End PBS Prologue Tue Sep 21 21:44:02 EDT 2021
---------------------------------------
0.01_1_0.01_1.7
0.01_1_0.1_1.7
0.01_1_1_1.7
0.1_1_0.01_1.7
0.1_1_0.1_1.7
0.1_1_1_1.7
1_1_0.01_1.7
1_1_0.1_1.7
1_1_1_1.7
10_1_0.01_1.7
10_1_0.1_1.7
10_1_1_1.7
0.01_1_0.01_1.7
0.01_1_0.1_1.7
0.01_1_1_1.7
0.1_1_0.01_1.7
0.1_1_0.1_1.7
0.1_1_1_1.7
1_1_0.01_1.7
1_1_0.1_1.7
1_1_1_1.7
10_1_0.01_1.7
10_1_0.1_1.7
10_1_1_1.7
0.01_1_0.01_1.7
0.01_1_0.1_1.7
0.01_1_1_1.7
0.1_1_0.01_1.7
0.1_1_0.1_1.7
0.1_1_1_1.7
1_1_0.01_1.7
1_1_0.1_1.7
1_1_1_1.7
10_1_0.01_1.7
10_1_0.1_1.7
10_1_1_1.7
0.01_1_0.01_1.7
0.01_1_0.1_1.7
0.01_1_1_1.7
0.1_1_0.01_1.7
0.1_1_0.1_1.7
0.1_1_1_1.7
1_1_0.01_1.7
1_1_0.1_1.7
1_1_1_1.7
10_1_0.01_1.7
10_1_0.1_1.7
10_1_1_1.7
0.01_1_0.01_1.7
0.01_1_0.1_1.7
0.01_1_1_1.7
0.1_1_0.01_1.7
0.1_1_0.1_1.7
0.1_1_1_1.7
1_1_0.01_1.7
1_1_0.1_1.7
1_1_1_1.7
10_1_0.01_1.7
10_1_0.1_1.7
10_1_1_1.7
0.01_1_0.01_1.7
0.01_1_0.1_1.7
0.01_1_1_1.7
0.1_1_0.01_1.7
0.1_1_0.1_1.7
0.1_1_1_1.7
1_1_0.01_1.7
1_1_0.1_1.7
1_1_1_1.7
10_1_0.01_1.7
10_1_0.1_1.7
10_1_1_1.7
0.01_1_0.01_1.7
0.01_1_0.1_1.7
0.01_1_1_1.7
0.1_1_0.01_1.7
0.1_1_0.1_1.7
0.1_1_1_1.7
1_1_0.01_1.7
1_1_0.1_1.7
1_1_1_1.7
10_1_0.01_1.7
10_1_0.1_1.7
10_1_1_1.7
0.01_1_0.01_1.7
0.01_1_0.1_1.7
0.01_1_1_1.7
0.1_1_0.01_1.7
0.1_1_0.1_1.7
0.1_1_1_1.7
1_1_0.01_1.7
1_1_0.1_1.7
1_1_1_1.7
10_1_0.01_1.7
10_1_0.1_1.7
10_1_1_1.7
---------------------------------------
Begin PBS Epilogue Tue Sep 21 22:25:27 EDT 2021
Job ID:     7016759.sched-hive.pace.gatech.edu
User ID:    zzhang834
Job name:   benchmark_GGM3
Resources:  nodes=1:ppn=4,walltime=36:20:00,neednodes=1:ppn=4
Rsrc Used:  cput=00:41:17,vmem=2048020kb,walltime=00:41:25,mem=156936kb,energy_used=0
Queue:      hive-himem
Nodes:     
atl1-1-01-018-38.pace.gatech.edu
End PBS Epilogue Tue Sep 21 22:25:28 EDT 2021
---------------------------------------
