ngenes: 50, seed: 2
number of nearest neighbor: 6
number of nearest neighbor: 7
number of nearest neighbor: 8
number of nearest neighbor: 9
number of nearest neighbor: 10
number of nearest neighbor: 11
number of nearest neighbor: 12
number of nearest neighbor: 13
number of nearest neighbor: 14
final number of nearest neighbor (make connected): 14
number of neighbor being considered: 30
time calculating the kernel function: 235.27 sec
time cost (estimating empirical covariance matrix): 235.27 sec
start running batch 0
n_iter: 500, duality gap: 1.7526e-08, primal residual: 2.5614e-07, dual residual: 7.607891e-07
Batch loss: loss1: 4335.96582, loss2: 12327.42480, loss3: 0.00000
Finished running batch 0, running time: 40.04 sec
start running batch 1
n_iter: 500, duality gap: 1.6541e-08, primal residual: 2.0321e-07, dual residual: 6.033053e-07
Batch loss: loss1: 4473.51172, loss2: 11561.50195, loss3: 0.00000
Finished running batch 1, running time: 38.70 sec
start running batch 2
n_iter: 500, duality gap: 1.8552e-08, primal residual: 1.5213e-07, dual residual: 5.551754e-07
Batch loss: loss1: 4535.62549, loss2: 11230.25977, loss3: 0.00000
Finished running batch 2, running time: 38.99 sec
start running batch 3
n_iter: 500, duality gap: 1.3127e-08, primal residual: 1.6546e-07, dual residual: 5.520931e-07
Batch loss: loss1: 4514.81543, loss2: 11511.72656, loss3: 0.00000
Finished running batch 3, running time: 38.79 sec
start running batch 4
n_iter: 500, duality gap: 1.5180e-08, primal residual: 1.6745e-07, dual residual: 6.322459e-07
Batch loss: loss1: 4426.61816, loss2: 12229.51660, loss3: 0.00000
Finished running batch 4, running time: 38.22 sec
start running batch 5
n_iter: 500, duality gap: 1.8598e-08, primal residual: 1.8999e-07, dual residual: 8.056551e-07
Batch loss: loss1: 4245.50049, loss2: 13387.90332, loss3: 0.00000
Finished running batch 5, running time: 38.07 sec
start running batch 6
n_iter: 500, duality gap: 1.3268e-08, primal residual: 1.5214e-07, dual residual: 6.075044e-07
Batch loss: loss1: 4529.96191, loss2: 11245.98145, loss3: 0.00000
Finished running batch 6, running time: 38.81 sec
start running batch 7
n_iter: 500, duality gap: 1.5769e-08, primal residual: 1.8944e-07, dual residual: 6.270464e-07
Batch loss: loss1: 4498.12500, loss2: 11543.32422, loss3: 0.00000
Finished running batch 7, running time: 37.55 sec
start running batch 8
n_iter: 500, duality gap: 1.4410e-08, primal residual: 1.9140e-07, dual residual: 5.790245e-07
Batch loss: loss1: 4393.90576, loss2: 12371.59961, loss3: 0.00000
Finished running batch 8, running time: 38.33 sec
start running batch 9
n_iter: 500, duality gap: 1.6079e-08, primal residual: 1.7694e-07, dual residual: 5.937917e-07
Batch loss: loss1: 4205.51025, loss2: 13716.68262, loss3: 0.00000
Finished running batch 9, running time: 38.66 sec
time cost (estimating theta): 387.85 sec
