ngenes: 50, seed: 0
number of nearest neighbor: 6
final number of nearest neighbor (make connected): 6
number of neighbor being considered: 30
time calculating the kernel function: 278.03 sec
time cost (estimating empirical covariance matrix): 278.03 sec
start running batch 0
n_iter: 500, duality gap: 2.5263e-08, primal residual: 3.3532e-07, dual residual: 6.431122e-07
Batch loss: loss1: 4215.83789, loss2: 12933.92969, loss3: 0.00000
Finished running batch 0, running time: 44.76 sec
start running batch 1
n_iter: 500, duality gap: 2.1599e-08, primal residual: 1.9840e-07, dual residual: 6.496464e-07
Batch loss: loss1: 4380.81152, loss2: 12102.89062, loss3: 0.00000
Finished running batch 1, running time: 43.43 sec
start running batch 2
n_iter: 500, duality gap: 2.0817e-08, primal residual: 1.6720e-07, dual residual: 6.697697e-07
Batch loss: loss1: 4458.55225, loss2: 11748.32715, loss3: 0.00000
Finished running batch 2, running time: 39.78 sec
start running batch 3
n_iter: 500, duality gap: 1.6346e-08, primal residual: 1.6084e-07, dual residual: 5.773265e-07
Batch loss: loss1: 4430.09717, loss2: 12091.50879, loss3: 0.00000
Finished running batch 3, running time: 39.71 sec
start running batch 4
n_iter: 500, duality gap: 2.6072e-08, primal residual: 1.7546e-07, dual residual: 6.259988e-07
Batch loss: loss1: 4332.59326, loss2: 12850.00293, loss3: 0.00000
Finished running batch 4, running time: 40.07 sec
start running batch 5
n_iter: 500, duality gap: 1.7110e-08, primal residual: 2.1291e-07, dual residual: 7.539373e-07
Batch loss: loss1: 4170.79150, loss2: 13913.31445, loss3: 0.00000
Finished running batch 5, running time: 39.56 sec
start running batch 6
n_iter: 500, duality gap: 1.2005e-08, primal residual: 1.6975e-07, dual residual: 6.416340e-07
Batch loss: loss1: 4453.15625, loss2: 11765.35840, loss3: 0.00000
Finished running batch 6, running time: 39.16 sec
start running batch 7
n_iter: 500, duality gap: 1.6061e-08, primal residual: 2.0215e-07, dual residual: 6.821023e-07
Batch loss: loss1: 4429.58301, loss2: 12036.23535, loss3: 0.00000
Finished running batch 7, running time: 38.63 sec
start running batch 8
n_iter: 500, duality gap: 1.8175e-08, primal residual: 1.7135e-07, dual residual: 6.006834e-07
Batch loss: loss1: 4346.86230, loss2: 12747.37012, loss3: 0.00000
Finished running batch 8, running time: 43.42 sec
start running batch 9
n_iter: 500, duality gap: 1.7557e-08, primal residual: 1.8095e-07, dual residual: 6.913809e-07
Batch loss: loss1: 4194.00488, loss2: 13866.41309, loss3: 0.00000
Finished running batch 9, running time: 45.45 sec
time cost (estimating theta): 415.84 sec
